db://wordpress:wordpress@172.17.0.3:3306/wordpress
00:1
